[2026-06-21 08:09:09] INFO  Device : CUDA — NVIDIA A40
[2026-06-21 08:09:09] INFO  Preparing YOLO dataset from /home/ubuntu/workspace/navigation_project/AP2026-Maritime-Navigation/Data/lars_processed …
[2026-06-21 08:09:09] INFO  Dataset YAML : /home/ubuntu/workspace/navigation_project/AP2026-Maritime-Navigation/Data/lars_yolo/data.yaml
[2026-06-21 08:09:12] INFO  ================================================================
[2026-06-21 08:09:12] INFO  YOLOv8  —  Optuna Hyperparameter + Augmentation Search
[2026-06-21 08:09:12] INFO  ================================================================
[2026-06-21 08:09:12] INFO  Study       : yolo_lars
[2026-06-21 08:09:12] INFO  Storage     : sqlite:////home/ubuntu/workspace/navigation_project/AP2026-Maritime-Navigation/3_Model/../runs/yolo/optuna/optuna_study.db
[2026-06-21 08:09:12] INFO  Sampler     : TPE
[2026-06-21 08:09:12] INFO  Trials      : 5  (0 already in DB)
[2026-06-21 08:09:12] INFO  Epochs/trial: 2
[2026-06-21 08:09:12] INFO  Output root : /home/ubuntu/workspace/navigation_project/AP2026-Maritime-Navigation/3_Model/../runs/yolo/optuna
[2026-06-21 08:09:12] INFO  ================================================================
[2026-06-21 08:09:14] INFO  
[2026-06-21 08:09:14] INFO  ================================================================
[2026-06-21 08:09:14] INFO  Trial   0  →  trial_000
[2026-06-21 08:09:14] INFO    model=yolov8n  imgsz=640  batch=16
[2026-06-21 08:09:14] INFO    lr0=8.59e-03  lrf=0.012  momentum=0.982  wd=2.69e-04
[2026-06-21 08:09:14] INFO    warmup=4  box=5.73  cls=2.94
[2026-06-21 08:09:14] INFO    hsv=(0.001,0.452,0.417)  deg=7.8  scale=0.80  fliplr=0.69  mosaic=0.16  mixup=0.179
[2026-06-21 08:09:14] INFO  ================================================================
[2026-06-21 08:10:20] INFO    Training time : 00:01:05  (1.1 min)
[2026-06-21 08:10:20] INFO  Trial 0 best val/mAP_50_95 = 0.0448  (total: 1.1 min)
[2026-06-21 08:10:21] INFO  
[2026-06-21 08:10:21] INFO  ================================================================
[2026-06-21 08:10:21] INFO  Trial   1  →  trial_001
[2026-06-21 08:10:21] INFO    model=yolov8n  imgsz=640  batch=16
[2026-06-21 08:10:21] INFO    lr0=1.04e-04  lrf=0.006  momentum=0.713  wd=8.19e-04
[2026-06-21 08:10:21] INFO    warmup=3  box=11.59  cls=2.42
[2026-06-21 08:10:21] INFO    hsv=(0.087,0.404,0.237)  deg=6.0  scale=0.71  fliplr=0.46  mosaic=0.53  mixup=0.281
[2026-06-21 08:10:21] INFO  ================================================================
[2026-06-21 08:10:52] INFO    Training time : 00:00:30  (0.5 min)
[2026-06-21 08:10:52] INFO  Trial 1 best val/mAP_50_95 = 0.0472  (total: 0.5 min)
[2026-06-21 08:10:52] INFO  
[2026-06-21 08:10:52] INFO  ================================================================
[2026-06-21 08:10:52] INFO  Trial   2  →  trial_002
[2026-06-21 08:10:52] INFO    model=yolov8n  imgsz=640  batch=16
[2026-06-21 08:10:52] INFO    lr0=1.11e-03  lrf=0.002  momentum=0.746  wd=1.23e-04
[2026-06-21 08:10:52] INFO    warmup=3  box=9.10  cls=1.38
[2026-06-21 08:10:52] INFO    hsv=(0.065,0.538,0.512)  deg=7.7  scale=0.46  fliplr=0.50  mosaic=0.69  mixup=0.076
[2026-06-21 08:10:52] INFO  ================================================================
[2026-06-21 08:11:23] INFO    Training time : 00:00:30  (0.5 min)
[2026-06-21 08:11:23] INFO  Trial 2 best val/mAP_50_95 = 0.0459  (total: 0.5 min)
[2026-06-21 08:11:23] INFO  
[2026-06-21 08:11:23] INFO  ================================================================
[2026-06-21 08:11:23] INFO  Trial   3  →  trial_003
[2026-06-21 08:11:23] INFO    model=yolov8n  imgsz=640  batch=16
[2026-06-21 08:11:23] INFO    lr0=1.29e-03  lrf=0.018  momentum=0.960  wd=5.32e-05
[2026-06-21 08:11:23] INFO    warmup=4  box=5.53  cls=1.64
[2026-06-21 08:11:23] INFO    hsv=(0.018,0.851,0.416)  deg=8.3  scale=0.83  fliplr=0.46  mosaic=0.33  mixup=0.172
[2026-06-21 08:11:23] INFO  ================================================================
[2026-06-21 08:11:54] INFO    Training time : 00:00:30  (0.5 min)
[2026-06-21 08:11:54] INFO  Trial 3 best val/mAP_50_95 = 0.0457  (total: 0.5 min)
[2026-06-21 08:11:54] INFO  
[2026-06-21 08:11:54] INFO  ================================================================
[2026-06-21 08:11:54] INFO  Trial   4  →  trial_004
[2026-06-21 08:11:54] INFO    model=yolov8n  imgsz=640  batch=16
[2026-06-21 08:11:54] INFO    lr0=4.91e-03  lrf=0.053  momentum=0.873  wd=1.48e-05
[2026-06-21 08:11:54] INFO    warmup=3  box=5.96  cls=2.28
[2026-06-21 08:11:54] INFO    hsv=(0.089,0.609,0.502)  deg=0.7  scale=0.29  fliplr=0.55  mosaic=0.36  mixup=0.230
[2026-06-21 08:11:54] INFO  ================================================================
[2026-06-21 08:12:25] INFO    Training time : 00:00:30  (0.5 min)
[2026-06-21 08:12:25] INFO  Trial 4 best val/mAP_50_95 = 0.0602  (total: 0.5 min)
[2026-06-21 08:12:25] INFO  
[2026-06-21 08:12:25] INFO  ================================================================
[2026-06-21 08:12:25] INFO  SEARCH COMPLETE — results ranked by val/mAP_50_95
[2026-06-21 08:12:25] INFO  ================================================================
[2026-06-21 08:12:25] INFO    # 1  trial=  4  mAP=0.0602  train=0.5min  total=0.5min
[2026-06-21 08:12:25] INFO           model_variant = n
[2026-06-21 08:12:25] INFO           imgsz = 640
[2026-06-21 08:12:25] INFO           batch_size = 16
[2026-06-21 08:12:25] INFO           lr0 = 0.004907804993811855
[2026-06-21 08:12:25] INFO           lrf = 0.052726461126453704
[2026-06-21 08:12:25] INFO           momentum = 0.8727495539498169
[2026-06-21 08:12:25] INFO           weight_decay = 1.476805231133863e-05
[2026-06-21 08:12:25] INFO           warmup_epochs = 3
[2026-06-21 08:12:25] INFO           box = 5.963629668664817
[2026-06-21 08:12:25] INFO           cls = 2.278002311192913
[2026-06-21 08:12:25] INFO           hsv_h = 0.08946512923167388
[2026-06-21 08:12:25] INFO           hsv_s = 0.6088403825478871
[2026-06-21 08:12:25] INFO           hsv_v = 0.5017817551801032
[2026-06-21 08:12:25] INFO           degrees = 0.6506781238280734
[2026-06-21 08:12:25] INFO           translate = 0.10801494592856127
[2026-06-21 08:12:25] INFO           scale = 0.2904307485693064
[2026-06-21 08:12:25] INFO           fliplr = 0.5458251385401327
[2026-06-21 08:12:25] INFO           mosaic = 0.3636503470448379
[2026-06-21 08:12:25] INFO           mixup = 0.2303274102992237
[2026-06-21 08:12:25] INFO    # 2  trial=  1  mAP=0.0472  train=0.5min  total=0.5min
[2026-06-21 08:12:25] INFO           model_variant = n
[2026-06-21 08:12:25] INFO           imgsz = 640
[2026-06-21 08:12:25] INFO           batch_size = 16
[2026-06-21 08:12:25] INFO           lr0 = 0.0001042250699650395
[2026-06-21 08:12:25] INFO           lrf = 0.005931199953590064
[2026-06-21 08:12:25] INFO           momentum = 0.7128064168001348
[2026-06-21 08:12:25] INFO           weight_decay = 0.0008190415525240616
[2026-06-21 08:12:25] INFO           warmup_epochs = 3
[2026-06-21 08:12:25] INFO           box = 11.591818454252502
[2026-06-21 08:12:25] INFO           cls = 2.4230261620246645
[2026-06-21 08:12:25] INFO           hsv_h = 0.08662892985816985
[2026-06-21 08:12:25] INFO           hsv_s = 0.4038992528975689
[2026-06-21 08:12:25] INFO           hsv_v = 0.23747429350655352
[2026-06-21 08:12:25] INFO           degrees = 6.007427213777693
[2026-06-21 08:12:25] INFO           translate = 0.03359443674368077
[2026-06-21 08:12:25] INFO           scale = 0.7133661172573988
[2026-06-21 08:12:25] INFO           fliplr = 0.4633775440608059
[2026-06-21 08:12:25] INFO           mosaic = 0.5279088234179203
[2026-06-21 08:12:25] INFO           mixup = 0.28127147518528256
[2026-06-21 08:12:25] INFO    # 3  trial=  2  mAP=0.0459  train=0.5min  total=0.5min
[2026-06-21 08:12:25] INFO           model_variant = n
[2026-06-21 08:12:25] INFO           imgsz = 640
[2026-06-21 08:12:25] INFO           batch_size = 16
[2026-06-21 08:12:25] INFO           lr0 = 0.0011050762490288238
[2026-06-21 08:12:25] INFO           lrf = 0.0016458367889851438
[2026-06-21 08:12:25] INFO           momentum = 0.7458847880835918
[2026-06-21 08:12:25] INFO           weight_decay = 0.0001231417449623481
[2026-06-21 08:12:25] INFO           warmup_epochs = 3
[2026-06-21 08:12:25] INFO           box = 9.10088195300795
[2026-06-21 08:12:25] INFO           cls = 1.384037697693737
[2026-06-21 08:12:25] INFO           hsv_h = 0.06498051090193423
[2026-06-21 08:12:25] INFO           hsv_s = 0.5381400017410396
[2026-06-21 08:12:25] INFO           hsv_v = 0.5119580567741115
[2026-06-21 08:12:25] INFO           degrees = 7.674049670901239
[2026-06-21 08:12:25] INFO           translate = 0.03579478200822617
[2026-06-21 08:12:25] INFO           scale = 0.46290303801127963
[2026-06-21 08:12:25] INFO           fliplr = 0.5010132237307737
[2026-06-21 08:12:25] INFO           mosaic = 0.6866670799163458
[2026-06-21 08:12:25] INFO           mixup = 0.07610389459841495
[2026-06-21 08:12:25] INFO    # 4  trial=  3  mAP=0.0457  train=0.5min  total=0.5min
[2026-06-21 08:12:25] INFO           model_variant = n
[2026-06-21 08:12:25] INFO           imgsz = 640
[2026-06-21 08:12:25] INFO           batch_size = 16
[2026-06-21 08:12:25] INFO           lr0 = 0.0012867131099565336
[2026-06-21 08:12:25] INFO           lrf = 0.017777131629356006
[2026-06-21 08:12:25] INFO           momentum = 0.9596953381562823
[2026-06-21 08:12:25] INFO           weight_decay = 5.3174960610036336e-05
[2026-06-21 08:12:25] INFO           warmup_epochs = 4
[2026-06-21 08:12:25] INFO           box = 5.531571216951707
[2026-06-21 08:12:25] INFO           cls = 1.6440441094667255
[2026-06-21 08:12:25] INFO           hsv_h = 0.018244540457120685
[2026-06-21 08:12:25] INFO           hsv_s = 0.8510298234838578
[2026-06-21 08:12:25] INFO           hsv_v = 0.4159110356706138
[2026-06-21 08:12:25] INFO           degrees = 8.301881020983462
[2026-06-21 08:12:25] INFO           translate = 0.08335526093567253
[2026-06-21 08:12:25] INFO           scale = 0.8332673121203569
[2026-06-21 08:12:25] INFO           fliplr = 0.4619300869243624
[2026-06-21 08:12:25] INFO           mosaic = 0.33117450309112273
[2026-06-21 08:12:25] INFO           mixup = 0.1716416310818246
[2026-06-21 08:12:25] INFO    # 5  trial=  0  mAP=0.0448  train=1.1min  total=1.1min
[2026-06-21 08:12:25] INFO           model_variant = n
[2026-06-21 08:12:25] INFO           imgsz = 640
[2026-06-21 08:12:25] INFO           batch_size = 16
[2026-06-21 08:12:25] INFO           lr0 = 0.008591315698733486
[2026-06-21 08:12:25] INFO           lrf = 0.012429810235032868
[2026-06-21 08:12:25] INFO           momentum = 0.9820784643898164
[2026-06-21 08:12:25] INFO           weight_decay = 0.00026892550160276973
[2026-06-21 08:12:25] INFO           warmup_epochs = 4
[2026-06-21 08:12:25] INFO           box = 5.728715964643011
[2026-06-21 08:12:25] INFO           cls = 2.935941027895853
[2026-06-21 08:12:25] INFO           hsv_h = 0.0006230255204589864
[2026-06-21 08:12:25] INFO           hsv_s = 0.4517894174300664
[2026-06-21 08:12:25] INFO           hsv_v = 0.41739576620222285
[2026-06-21 08:12:25] INFO           degrees = 7.793829217937525
[2026-06-21 08:12:25] INFO           translate = 0.03953701492005062
[2026-06-21 08:12:25] INFO           scale = 0.8040952649194555
[2026-06-21 08:12:25] INFO           fliplr = 0.6933602708701251
[2026-06-21 08:12:25] INFO           mosaic = 0.16384224140469872
[2026-06-21 08:12:25] INFO           mixup = 0.17920018317985775
[2026-06-21 08:12:25] INFO  
[2026-06-21 08:12:25] INFO  Best trial : #4  mAP=0.0602
[2026-06-21 08:12:25] INFO    Avg training time/trial : 0.6 min
[2026-06-21 08:12:25] INFO    Completed / failed      : 5 / 0
[2026-06-21 08:12:25] INFO    Total search wall time  : 00:03:12  (3.2 min)
[2026-06-21 08:12:25] INFO  ================================================================
[2026-06-21 08:12:25] INFO  Trials summary → /home/ubuntu/workspace/navigation_project/AP2026-Maritime-Navigation/3_Model/../runs/yolo/optuna/trials_summary.csv
[2026-06-21 08:12:25] INFO  Done.
